
> client@0.0.0 build
> vite build

[36mvite v8.0.1 [32mbuilding client environment for production...[36m[39m
[2K
transforming...Γ£ô 1075 modules transformed.
rendering chunks...
Γ£ù Build failed in 1.35s
error during build:
Build failed with 2 errors:

[MISSING_EXPORT] Error: "statusBadgeVariant" is not exported by "src/components/Badge.jsx".
   Γò¡ΓöÇ[ src/pages/sales/Sales.jsx:6:17 ]
   Γöé
 6 Γöé import Badge, { statusBadgeVariant } from "../../components/Badge";
   Γöé                 ΓöÇΓöÇΓöÇΓöÇΓöÇΓöÇΓöÇΓöÇΓöÇΓö¼ΓöÇΓöÇΓöÇΓöÇΓöÇΓöÇΓöÇΓöÇ  
   Γöé                          Γò░ΓöÇΓöÇΓöÇΓöÇΓöÇΓöÇΓöÇΓöÇΓöÇΓöÇ Missing export
ΓöÇΓöÇΓöÇΓò»

[MISSING_EXPORT] Error: "statusBadgeVariant" is not exported by "src/components/Badge.jsx".
   Γò¡ΓöÇ[ src/pages/billing/Billing.jsx:6:17 ]
   Γöé
 6 Γöé import Badge, { statusBadgeVariant } from "../../components/Badge";
   Γöé                 ΓöÇΓöÇΓöÇΓöÇΓöÇΓöÇΓöÇΓöÇΓöÇΓö¼ΓöÇΓöÇΓöÇΓöÇΓöÇΓöÇΓöÇΓöÇ  
   Γöé                          Γò░ΓöÇΓöÇΓöÇΓöÇΓöÇΓöÇΓöÇΓöÇΓöÇΓöÇ Missing export
ΓöÇΓöÇΓöÇΓò»

    at aggregateBindingErrorsIntoJsError (file:///D:/Files/Femboy%20Banuk/client/node_modules/rolldown/dist/shared/error-BO4SlZV_.mjs:48:18)
    at unwrapBindingResult (file:///D:/Files/Femboy%20Banuk/client/node_modules/rolldown/dist/shared/error-BO4SlZV_.mjs:18:128)
    at #build (file:///D:/Files/Femboy%20Banuk/client/node_modules/rolldown/dist/shared/rolldown-build-yQC7KN8K.mjs:3311:34)
    at async buildEnvironment (file:///D:/Files/Femboy%20Banuk/client/node_modules/vite/dist/node/chunks/node.js:32817:64)
    at async Object.build (file:///D:/Files/Femboy%20Banuk/client/node_modules/vite/dist/node/chunks/node.js:33239:19)
    at async Object.buildApp (file:///D:/Files/Femboy%20Banuk/client/node_modules/vite/dist/node/chunks/node.js:33236:153)
    at async CAC.<anonymous> (file:///D:/Files/Femboy%20Banuk/client/node_modules/vite/dist/node/cli.js:778:3) {
  errors: [Getter/Setter]
}
